2026-08-26 14:44:12,835 INFO vietfin.scripts.collect_corporate_info: Starting corporate-info collection: 1970 tickers x 5 datasets (resume=True)
2026-08-26 14:44:13,155 INFO vietfin.scripts.collect_corporate_info: Progress 25/1970 tickers | {'ok': 0, 'empty': 0, 'error': 0, 'skipped': 125}
2026-08-26 14:44:13,421 INFO vietfin.scripts.collect_corporate_info: Progress 50/1970 tickers | {'ok': 0, 'empty': 0, 'error': 0, 'skipped': 250}
2026-08-26 14:44:42,932 WARNING vietfin.ingestion.vnstock_corporate: Failed to fetch overview for BAB123032: Mã ch\u1ee9ng khoán không h\u1ee3p l\u1ec7. Ch\u1ec9 c\u1ed5 phi\u1ebfu m\u1edbi có thông tin.
2026-08-26 14:44:42,932 WARNING vietfin.ingestion.vnstock_corporate: Failed to fetch shareholders for BAB123032: Mã ch\u1ee9ng khoán không h\u1ee3p l\u1ec7. Ch\u1ec9 c\u1ed5 phi\u1ebfu m\u1edbi có thông tin.
2026-08-26 14:44:42,932 WARNING vietfin.ingestion.vnstock_corporate: Failed to fetch VCI officers for BAB123032: Mã ch\u1ee9ng khoán không h\u1ee3p l\u1ec7. Ch\u1ec9 c\u1ed5 phi\u1ebfu m\u1edbi có thông tin.
2026-08-26 14:44:42,932 WARNING vietfin.ingestion.vnstock_corporate: Failed to fetch KBS officers for BAB123032: Mã CK không h\u1ee3p l\u1ec7 ho\u1eb7c không ph\u1ea3i c\u1ed5 phi\u1ebfu.
2026-08-26 14:44:42,947 WARNING vietfin.ingestion.vnstock_corporate: Failed to fetch ratio_summary for BAB123032: Mã ch\u1ee9ng khoán không h\u1ee3p l\u1ec7. Ch\u1ec9 c\u1ed5 phi\u1ebfu m\u1edbi có thông tin.
2026-08-26 14:45:08,699 WARNING vietfin.ingestion.vnstock_corporate: Failed to fetch price history for BAB123032: RetryError[<Future at 0x1e8d410f620 state=finished raised ValueError>]
2026-08-26 14:45:08,715 WARNING vietfin.ingestion.vnstock_corporate: Failed to fetch overview for BAB124016: Mã ch\u1ee9ng khoán không h\u1ee3p l\u1ec7. Ch\u1ec9 c\u1ed5 phi\u1ebfu m\u1edbi có thông tin.
2026-08-26 14:45:08,715 WARNING vietfin.ingestion.vnstock_corporate: Failed to fetch shareholders for BAB124016: Mã ch\u1ee9ng khoán không h\u1ee3p l\u1ec7. Ch\u1ec9 c\u1ed5 phi\u1ebfu m\u1edbi có thông tin.
2026-08-26 14:45:08,730 WARNING vietfin.ingestion.vnstock_corporate: Failed to fetch VCI officers for BAB124016: Mã ch\u1ee9ng khoán không h\u1ee3p l\u1ec7. Ch\u1ec9 c\u1ed5 phi\u1ebfu m\u1edbi có thông tin.
2026-08-26 14:45:08,730 WARNING vietfin.ingestion.vnstock_corporate: Failed to fetch KBS officers for BAB124016: Mã CK không h\u1ee3p l\u1ec7 ho\u1eb7c không ph\u1ea3i c\u1ed5 phi\u1ebfu.
2026-08-26 14:45:08,730 WARNING vietfin.ingestion.vnstock_corporate: Failed to fetch ratio_summary for BAB124016: Mã ch\u1ee9ng khoán không h\u1ee3p l\u1ec7. Ch\u1ec9 c\u1ed5 phi\u1ebfu m\u1edbi có thông tin.
2026-08-26 14:45:08,730 WARNING vietfin.ingestion.vnstock_corporate: Failed to fetch overview for BAB124025: Mã ch\u1ee9ng khoán không h\u1ee3p l\u1ec7. Ch\u1ec9 c\u1ed5 phi\u1ebfu m\u1edbi có thông tin.
2026-08-26 14:45:08,746 WARNING vietfin.ingestion.vnstock_corporate: Failed to fetch shareholders for BAB124025: Mã ch\u1ee9ng khoán không h\u1ee3p l\u1ec7. Ch\u1ec9 c\u1ed5 phi\u1ebfu m\u1edbi có thông tin.
2026-08-26 14:45:08,746 WARNING vietfin.ingestion.vnstock_corporate: Failed to fetch VCI officers for BAB124025: Mã ch\u1ee9ng khoán không h\u1ee3p l\u1ec7. Ch\u1ec9 c\u1ed5 phi\u1ebfu m\u1edbi có thông tin.
2026-08-26 14:45:08,746 WARNING vietfin.ingestion.vnstock_corporate: Failed to fetch KBS officers for BAB124025: Mã CK không h\u1ee3p l\u1ec7 ho\u1eb7c không ph\u1ea3i c\u1ed5 phi\u1ebfu.
2026-08-26 14:45:08,746 WARNING vietfin.ingestion.vnstock_corporate: Failed to fetch ratio_summary for BAB124025: Mã ch\u1ee9ng khoán không h\u1ee3p l\u1ec7. Ch\u1ec9 c\u1ed5 phi\u1ebfu m\u1edbi có thông tin.
2026-08-26 14:45:31,263 WARNING vietfin.ingestion.vnstock_corporate: Failed to fetch price history for BAB124025: RetryError[<Future at 0x1e8e6eb8860 state=finished raised ValueError>]
2026-08-26 14:45:31,263 WARNING vietfin.ingestion.vnstock_corporate: Failed to fetch overview for BAB124026: Mã ch\u1ee9ng khoán không h\u1ee3p l\u1ec7. Ch\u1ec9 c\u1ed5 phi\u1ebfu m\u1edbi có thông tin.
2026-08-26 14:45:31,278 WARNING vietfin.ingestion.vnstock_corporate: Failed to fetch shareholders for BAB124026: Mã ch\u1ee9ng khoán không h\u1ee3p l\u1ec7. Ch\u1ec9 c\u1ed5 phi\u1ebfu m\u1edbi có thông tin.
2026-08-26 14:45:31,278 WARNING vietfin.ingestion.vnstock_corporate: Failed to fetch VCI officers for BAB124026: Mã ch\u1ee9ng khoán không h\u1ee3p l\u1ec7. Ch\u1ec9 c\u1ed5 phi\u1ebfu m\u1edbi có thông tin.
2026-08-26 14:45:31,278 WARNING vietfin.ingestion.vnstock_corporate: Failed to fetch KBS officers for BAB124026: Mã CK không h\u1ee3p l\u1ec7 ho\u1eb7c không ph\u1ea3i c\u1ed5 phi\u1ebfu.
2026-08-26 14:45:31,278 WARNING vietfin.ingestion.vnstock_corporate: Failed to fetch ratio_summary for BAB124026: Mã ch\u1ee9ng khoán không h\u1ee3p l\u1ec7. Ch\u1ec9 c\u1ed5 phi\u1ebfu m\u1edbi có thông tin.
2026-08-26 14:46:00,344 WARNING vietfin.ingestion.vnstock_corporate: Failed to fetch price history for BAB124026: RetryError[<Future at 0x1e8e7465c40 state=finished raised ValueError>]
2026-08-26 14:46:00,362 WARNING vietfin.ingestion.vnstock_corporate: Failed to fetch overview for BAB125022: Mã ch\u1ee9ng khoán không h\u1ee3p l\u1ec7. Ch\u1ec9 c\u1ed5 phi\u1ebfu m\u1edbi có thông tin.
2026-08-26 14:46:00,366 WARNING vietfin.ingestion.vnstock_corporate: Failed to fetch shareholders for BAB125022: Mã ch\u1ee9ng khoán không h\u1ee3p l\u1ec7. Ch\u1ec9 c\u1ed5 phi\u1ebfu m\u1edbi có thông tin.
2026-08-26 14:46:00,370 WARNING vietfin.ingestion.vnstock_corporate: Failed to fetch VCI officers for BAB125022: Mã ch\u1ee9ng khoán không h\u1ee3p l\u1ec7. Ch\u1ec9 c\u1ed5 phi\u1ebfu m\u1edbi có thông tin.
2026-08-26 14:46:00,371 WARNING vietfin.ingestion.vnstock_corporate: Failed to fetch KBS officers for BAB125022: Mã CK không h\u1ee3p l\u1ec7 ho\u1eb7c không ph\u1ea3i c\u1ed5 phi\u1ebfu.
2026-08-26 14:46:00,374 WARNING vietfin.ingestion.vnstock_corporate: Failed to fetch ratio_summary for BAB125022: Mã ch\u1ee9ng khoán không h\u1ee3p l\u1ec7. Ch\u1ec9 c\u1ed5 phi\u1ebfu m\u1edbi có thông tin.
2026-08-26 14:46:24,162 WARNING vietfin.ingestion.vnstock_corporate: Failed to fetch price history for BAB125022: RetryError[<Future at 0x1e8e78d1fd0 state=finished raised ValueError>]
2026-08-26 14:46:24,162 WARNING vietfin.ingestion.vnstock_corporate: Failed to fetch overview for BAB125023: Mã ch\u1ee9ng khoán không h\u1ee3p l\u1ec7. Ch\u1ec9 c\u1ed5 phi\u1ebfu m\u1edbi có thông tin.
2026-08-26 14:46:24,162 WARNING vietfin.ingestion.vnstock_corporate: Failed to fetch shareholders for BAB125023: Mã ch\u1ee9ng khoán không h\u1ee3p l\u1ec7. Ch\u1ec9 c\u1ed5 phi\u1ebfu m\u1edbi có thông tin.
2026-08-26 14:46:24,162 WARNING vietfin.ingestion.vnstock_corporate: Failed to fetch VCI officers for BAB125023: Mã ch\u1ee9ng khoán không h\u1ee3p l\u1ec7. Ch\u1ec9 c\u1ed5 phi\u1ebfu m\u1edbi có thông tin.
2026-08-26 14:46:24,162 WARNING vietfin.ingestion.vnstock_corporate: Failed to fetch KBS officers for BAB125023: Mã CK không h\u1ee3p l\u1ec7 ho\u1eb7c không ph\u1ea3i c\u1ed5 phi\u1ebfu.
2026-08-26 14:46:24,178 WARNING vietfin.ingestion.vnstock_corporate: Failed to fetch ratio_summary for BAB125023: Mã ch\u1ee9ng khoán không h\u1ee3p l\u1ec7. Ch\u1ec9 c\u1ed5 phi\u1ebfu m\u1edbi có thông tin.
